{
  "source": {
    "file": "testSource.bal"
  },
  "position": {
    "line": 32,
    "character": 30
  },
  "prepareRename": {
    "valid": true
  },
  "result": {
    "changes": {
      "testSource.bal": [
        {
          "range": {
            "start": {
              "line": 32,
              "character": 26
            },
            "end": {
              "line": 32,
              "character": 32
            }
          },
          "newText": "'int"
        },
        {
          "range": {
            "start": {
              "line": 33,
              "character": 7
            },
            "end": {
              "line": 33,
              "character": 13
            }
          },
          "newText": "'int"
        }
      ]
    }
  }
}
